// Jest Snapshot v1, https://goo.gl/fbAQLP

exports[`renders 1`] = `
<DocumentFragment>
  <div
    class="makeStyles-root-1"
  >
    <header
      class="MuiPaper-root MuiAppBar-root MuiAppBar-positionStatic MuiAppBar-colorPrimary MuiPaper-elevation4"
    >
      <div
        class="MuiToolbar-root MuiToolbar-regular MuiToolbar-gutters"
      >
        <button
          class="MuiButtonBase-root MuiIconButton-root makeStyles-menuButton-2 MuiIconButton-colorInherit MuiIconButton-edgeStart"
          tabindex="0"
          type="button"
        >
          <span
            class="MuiIconButton-label"
          >
            <svg
              aria-hidden="true"
              class="MuiSvgIcon-root"
              focusable="false"
              viewBox="0 0 24 24"
            >
              <path
                d="M3 18h18v-2H3v2zm0-5h18v-2H3v2zm0-7v2h18V6H3z"
              />
            </svg>
          </span>
          <span
            class="MuiTouchRipple-root"
          />
        </button>
        <h6
          class="MuiTypography-root makeStyles-title-3 MuiTypography-h6 MuiTypography-noWrap"
        >
          Stockalizer
        </h6>
        <div
          class="makeStyles-search-4"
        >
          <div
            class="makeStyles-searchIcon-5"
          >
            <svg
              aria-hidden="true"
              class="MuiSvgIcon-root"
              focusable="false"
              viewBox="0 0 24 24"
            >
              <path
                d="M15.5 14h-.79l-.28-.27C15.41 12.59 16 11.11 16 9.5 16 5.91 13.09 3 9.5 3S3 5.91 3 9.5 5.91 16 9.5 16c1.61 0 3.09-.59 4.23-1.57l.27.28v.79l5 4.99L20.49 19l-4.99-5zm-6 0C7.01 14 5 11.99 5 9.5S7.01 5 9.5 5 14 7.01 14 9.5 11.99 14 9.5 14z"
              />
            </svg>
          </div>
          <div
            class="MuiInputBase-root makeStyles-inputRoot-6"
          >
            <input
              aria-label="search"
              class="MuiInputBase-input makeStyles-inputInput-7"
              placeholder="Searchâ€¦"
              type="text"
              value=""
            />
          </div>
        </div>
      </div>
    </header>
  </div>
</DocumentFragment>
`;
