// Jest Snapshot v1, https://goo.gl/fbAQLP

exports[`renders 1`] = `
<DocumentFragment>
  <h5
    class="MuiTypography-root MuiTypography-h5"
  >
    <b>
      Loading (Loading)
    </b>
  </h5>
</DocumentFragment>
`;
